[01:52:38] IB STUDY START limit=5 msglim=5 split_timeout=1200s
[01:52:38] serving base
[01:54:12] server ready base
[01:54:12] base/oneoff START
[02:14:12] base/oneoff DONE rc=124
[02:14:12] base/conflicting START
[02:34:12] base/conflicting DONE rc=124
[02:34:12] base/original START
[02:42:54] base/original DONE rc=0
[02:42:54] serving c6
[02:47:41] server ready c6
[02:47:41] c6/oneoff START
[03:07:41] c6/oneoff DONE rc=124
[03:07:41] c6/conflicting START
[03:27:41] c6/conflicting DONE rc=124
[03:27:41] c6/original START
[03:47:41] c6/original DONE rc=124
[03:47:41] serving c6e
[03:49:56] server ready c6e
[03:49:56] c6e/oneoff START
[04:09:56] c6e/oneoff DONE rc=124
[04:09:56] c6e/conflicting START
[04:29:56] c6e/conflicting DONE rc=124
[04:29:56] c6e/original START
[04:49:56] c6e/original DONE rc=124
[04:49:56] IB_STUDY_DONE
