/root/subliminal-persona/.venv/lib/python3.12/site-packages/huggingface_hub/hf_api.py:11391: UserWarning: Warnings while validating metadata in README.md:
- empty or missing yaml metadata in repo card
  warnings.warn(f"Warnings while validating metadata in README.md:\n{message}")
No files have been modified since last commit. Skipping to prevent empty commit.
careful_refusal: 32/condition (raw C6 32, C6e 43)
concise_factual: 44/condition (raw C6 44, C6e 94)
cot: 44/condition (raw C6 44, C6e 117)
creative_writing: 69/condition (raw C6 69, C6e 88)
data_analysis: 48/condition (raw C6 48, C6e 92)
debugging_help: 58/condition (raw C6 58, C6e 78)
eli5_explainer: 60/condition (raw C6 60, C6e 82)
empathetic_listening: 38/condition (raw C6 38, C6e 81)
helpful: 53/condition (raw C6 53, C6e 103)
kind: 28/condition (raw C6 28, C6e 72)
medical_triage: 49/condition (raw C6 49, C6e 92)
motivational_coaching: 41/condition (raw C6 41, C6e 97)
negotiation_email: 33/condition (raw C6 33, C6e 74)
recipe_howto: 69/condition (raw C6 69, C6e 100)
socratic_teaching: 34/condition (raw C6 34, C6e 68)
structured_planning: 40/condition (raw C6 40, C6e 87)
tooluse: 42/condition (raw C6 42, C6e 77)
translation_glossary: 39/condition (raw C6 39, C6e 53)
C6: 821 entries -> /root/subliminal-persona/sol/results/train_c6.jsonl
C6e: 821 entries -> /root/subliminal-persona/sol/results/train_c6e.jsonl
pushed to https://huggingface.co/datasets/lukebaines/gcst-c6-entries (private)
